Welcome to TwoPersonDataBase!

available options:
1) enter data of person1
2) enter data of person2
3) list by firstname
4) list by lastname
5) list by age
0) quit
your choice: no entries yet.

available options:
1) enter data of person1
2) enter data of person2
3) list by firstname
4) list by lastname
5) list by age
0) quit
your choice: Thank you for using TwoPersonDataBase
