sort 1: [  0 ]
[ 10  11 ]
[ 20  21  22 ]
[ 30  31  32  33  34  35  36  37  38  39 ]
[  5   5   5   5   8   8   8   8  58  85 ]
[100 200 300 400 500 600 700 800 900 ]
