sort 2: 
enter title: enter year (1582-2199): enter month (1-12): enter day (1-31): enter number of attendees: enter title: enter year (1582-2199): enter month (1-12): enter day (1-31): enter number of attendees: enter title: enter year (1582-2199): enter month (1-12): enter day (1-31): enter number of attendees: enter title: enter year (1582-2199): enter month (1-12): enter day (1-31): enter number of attendees: enter title: enter year (1582-2199): enter month (1-12): enter day (1-28): enter number of attendees: [
zabcdefgh, Saturday, January 1st 2000, 11
ybcdefgh, Wednesday, May 5th 2010, 12
xcdefgh, Tuesday, May 31st 2050, 13
wdefgh, Sunday, December 31st 2090, 14
vefgh, Wednesday, February 28th 1900, 15
]
[
vefgh, Wednesday, February 28th 1900, 15
wdefgh, Sunday, December 31st 2090, 14
xcdefgh, Tuesday, May 31st 2050, 13
ybcdefgh, Wednesday, May 5th 2010, 12
zabcdefgh, Saturday, January 1st 2000, 11
]
