CountBelow
description: price: description: price: description: price: description: price: description: price: 4