Welcome to TwoPersonDataBase!

available options:
1) enter data of person1
2) enter data of person2
3) list by firstname
4) list by lastname
5) list by age
0) quit
your choice: illegal option (6)

available options:
1) enter data of person1
2) enter data of person2
3) list by firstname
4) list by lastname
5) list by age
0) quit
your choice: illegal option (7)

available options:
1) enter data of person1
2) enter data of person2
3) list by firstname
4) list by lastname
5) list by age
0) quit
your choice: illegal option (8)

available options:
1) enter data of person1
2) enter data of person2
3) list by firstname
4) list by lastname
5) list by age
0) quit
your choice: Thank you for using TwoPersonDataBase