statistics for
Tuesday, December 31st 2199
2199 is not a leap year
December 2199 has 31 days
it is day 365 of year 2199
it is in week 53 of year 2199
