statistics for
Tuesday, February 29th 2000
2000 is a leap year
February 2000 has 29 days
it is day 60 of year 2000
it is in week 10 of year 2000
