statistics for
Sunday, February 29th 2004
2004 is a leap year
February 2004 has 29 days
it is day 60 of year 2004
it is in week 9 of year 2004
