Enter three numbers
a=b=c=
ordered:
1<2<3
b<c<a
