Enter three numbers
a=b=c=
ordered:
0=0=0
a=b=c