enter date (yyyymmdd)
invalid date (must be before 21010101)
