contains: true (0)
contains: true (11)
contains: true (10)
contains: true (22)
contains: true (39)
contains: false (1)
contains: false (15)
contains: false (40)
