find 1: 3 (33)
find 1: 0 (30)
find 1: 9 (39)
find 1: -1 (12)
