Filter
description: price: description: price: description: price: description: price: description: price: [
[abcde|   11]
[bcdef|   12]
[cdefg|   13]
[defgh|   14]
[ efgh|   15]
]
[
[abcde|   11]
[bcdef|   12]
[cdefg|   13]
[defgh|   14]
]
