LinearFill
[1.00 2.00 3.00 4.00 5.00 ]
LinearFill
[1.00 0.00 -1.00 -2.00 -3.00 ]
LinearFill
[-0.30 9.81 19.92 30.03 40.14 50.25 60.36 70.47 80.58 90.69 ]
LinearFill
[]
