Welcome to the SimplePersonDatabase.

available options:
1) list
2) add
3) remove
4) sort
5) find
6) settings
0) quit
your choice: Firstname: Lastname: enter year (1582-2199): enter month (1-12): enter day (1-31): 
available options:
1) list
2) add
3) remove
4) sort
5) find
6) settings
0) quit
your choice: Firstname: Lastname: enter year (1582-2199): enter month (1-12): enter day (1-31): 
available options:
1) list
2) add
3) remove
4) sort
5) find
6) settings
0) quit
your choice: Firstname: Lastname: enter year (1582-2199): enter month (1-12): enter day (1-31): 
available options:
1) list
2) add
3) remove
4) sort
5) find
6) settings
0) quit
your choice: Firstname: Lastname: enter year (1582-2199): enter month (1-12): enter day (1-31): 
available options:
1) list
2) add
3) remove
4) sort
5) find
6) settings
0) quit
your choice: Firstname: Lastname: enter year (1582-2199): enter month (1-12): enter day (1-28): 
available options:
1) list
2) add
3) remove
4) sort
5) find
6) settings
0) quit
your choice: Firstname: Lastname: enter year (1582-2199): enter month (1-12): enter day (1-29): 
available options:
1) list
2) add
3) remove
4) sort
5) find
6) settings
0) quit
your choice: Firstname: Lastname: enter year (1582-2199): enter month (1-12): enter day (1-31): 
available options:
1) list
2) add
3) remove
4) sort
5) find
6) settings
0) quit
your choice: Firstname: Lastname: enter year (1582-2199): enter month (1-12): enter day (1-31): 
available options:
1) list
2) add
3) remove
4) sort
5) find
6) settings
0) quit
your choice: Firstname: Lastname: enter year (1582-2199): enter month (1-12): enter day (1-31): 
available options:
1) list
2) add
3) remove
4) sort
5) find
6) settings
0) quit
your choice: Firstname: Lastname: enter year (1582-2199): enter month (1-12): enter day (1-31): 
available options:
1) list
2) add
3) remove
4) sort
5) find
6) settings
0) quit
your choice: Firstname: Lastname: enter year (1582-2199): enter month (1-12): enter day (1-30): 
available options:
1) list
2) add
3) remove
4) sort
5) find
6) settings
0) quit
your choice: Firstname: Lastname: enter year (1582-2199): enter month (1-12): enter day (1-30): 
available options:
1) list
2) add
3) remove
4) sort
5) find
6) settings
0) quit
your choice: Firstname: Lastname: enter year (1582-2199): enter month (1-12): enter day (1-31): 
available options:
1) list
2) add
3) remove
4) sort
5) find
6) settings
0) quit
your choice: Firstname: Lastname: enter year (1582-2199): enter month (1-12): enter day (1-31): 
available options:
1) list
2) add
3) remove
4) sort
5) find
6) settings
0) quit
your choice: Firstname: Lastname: enter year (1582-2199): enter month (1-12): enter day (1-31): 
available options:
1) list
2) add
3) remove
4) sort
5) find
6) settings
0) quit
your choice: Firstname: Lastname: enter year (1582-2199): enter month (1-12): enter day (1-31): 
available options:
1) list
2) add
3) remove
4) sort
5) find
6) settings
0) quit
your choice: Firstname: Lastname: enter year (1582-2199): enter month (1-12): enter day (1-30): 
available options:
1) list
2) add
3) remove
4) sort
5) find
6) settings
0) quit
your choice: Firstname: Lastname: enter year (1582-2199): enter month (1-12): enter day (1-30): 
available options:
1) list
2) add
3) remove
4) sort
5) find
6) settings
0) quit
your choice: Firstname: Lastname: enter year (1582-2199): enter month (1-12): enter day (1-31): 
available options:
1) list
2) add
3) remove
4) sort
5) find
6) settings
0) quit
your choice: Firstname: Lastname: enter year (1582-2199): enter month (1-12): enter day (1-31): 
available options:
1) list
2) add
3) remove
4) sort
5) find
6) settings
0) quit
your choice: 
ID  Lastname             Firstname            Birth
--------------------------------------------------------------------
001 yveryverylonglastnam cveryverylongfirstna Thursday, 01.01.2015
002 zveryverylonglastnam bveryverylongfirstna Wednesday, 01.01.2014
003 xveryverylonglastnam averyverylongfirstna Friday, 01.01.2016
004 yaveryverylonglastna caveryverylongfirstn Friday, 02.01.2015
005 zaveryverylonglastna baveryverylongfirstn Saturday, 01.02.2014
006 xaveryverylonglastna aaveryverylongfirstn Tuesday, 02.02.2016
007 yaaveryverylonglastn caaveryverylongfirst Saturday, 03.01.2015
008 zaaveryverylonglastn baaveryverylongfirst Saturday, 01.03.2014
009 xaaveryverylonglastn aaaveryverylongfirst Thursday, 03.03.2016
010 yaaaveryverylonglast caaaveryverylongfirs Sunday, 04.01.2015
011 zaaaveryverylonglast baaaveryverylongfirs Tuesday, 01.04.2014
012 xaaaveryverylonglast aaaaveryverylongfirs Monday, 04.04.2016
013 yaaaaveryverylonglas caaaaveryverylongfir Monday, 05.01.2015
014 zaaaaveryverylonglas baaaaveryverylongfir Thursday, 01.05.2014
015 xaaaaveryverylonglas aaaaaveryverylongfir Thursday, 05.05.2016
016 yaaaaveryverylonglas caaaaveryverylongfir Tuesday, 06.01.2015
017 zaaaaaveryverylongla baaaaaveryverylongfi Sunday, 01.06.2014
018 xaaaaaveryverylongla aaaaaaveryverylongfi Monday, 06.06.2016
019 yaaaaaaveryverylongl caaaaaaveryverylongf Wednesday, 07.01.2015
020 zaaaaaaveryverylongl baaaaaaveryverylongf Tuesday, 01.07.2014
--------------------------------------------------------------------
20 Person(s) in database, 0 free.

available options:
1) list
2) add
3) remove
4) sort
5) find
6) settings
0) quit
your choice: 
cannot add. database full

available options:
1) list
2) add
3) remove
4) sort
5) find
6) settings
0) quit
your choice: sort by:
1) Firstname
2) Birth
all other values: lastname

available options:
1) list
2) add
3) remove
4) sort
5) find
6) settings
0) quit
your choice: 
ID  Lastname             Firstname            Birth
--------------------------------------------------------------------
018 xaaaaaveryverylongla aaaaaaveryverylongfi Monday, 06.06.2016
015 xaaaaveryverylonglas aaaaaveryverylongfir Thursday, 05.05.2016
012 xaaaveryverylonglast aaaaveryverylongfirs Monday, 04.04.2016
009 xaaveryverylonglastn aaaveryverylongfirst Thursday, 03.03.2016
006 xaveryverylonglastna aaveryverylongfirstn Tuesday, 02.02.2016
003 xveryverylonglastnam averyverylongfirstna Friday, 01.01.2016
020 zaaaaaaveryverylongl baaaaaaveryverylongf Tuesday, 01.07.2014
017 zaaaaaveryverylongla baaaaaveryverylongfi Sunday, 01.06.2014
014 zaaaaveryverylonglas baaaaveryverylongfir Thursday, 01.05.2014
011 zaaaveryverylonglast baaaveryverylongfirs Tuesday, 01.04.2014
008 zaaveryverylonglastn baaveryverylongfirst Saturday, 01.03.2014
005 zaveryverylonglastna baveryverylongfirstn Saturday, 01.02.2014
002 zveryverylonglastnam bveryverylongfirstna Wednesday, 01.01.2014
019 yaaaaaaveryverylongl caaaaaaveryverylongf Wednesday, 07.01.2015
013 yaaaaveryverylonglas caaaaveryverylongfir Monday, 05.01.2015
016 yaaaaveryverylonglas caaaaveryverylongfir Tuesday, 06.01.2015
010 yaaaveryverylonglast caaaveryverylongfirs Sunday, 04.01.2015
007 yaaveryverylonglastn caaveryverylongfirst Saturday, 03.01.2015
004 yaveryverylonglastna caveryverylongfirstn Friday, 02.01.2015
001 yveryverylonglastnam cveryverylongfirstna Thursday, 01.01.2015
--------------------------------------------------------------------
20 Person(s) in database, 0 free.

available options:
1) list
2) add
3) remove
4) sort
5) find
6) settings
0) quit
your choice: sort by:
1) Firstname
2) Birth
all other values: lastname

available options:
1) list
2) add
3) remove
4) sort
5) find
6) settings
0) quit
your choice: 
ID  Lastname             Firstname            Birth
--------------------------------------------------------------------
002 zveryverylonglastnam bveryverylongfirstna Wednesday, 01.01.2014
005 zaveryverylonglastna baveryverylongfirstn Saturday, 01.02.2014
008 zaaveryverylonglastn baaveryverylongfirst Saturday, 01.03.2014
011 zaaaveryverylonglast baaaveryverylongfirs Tuesday, 01.04.2014
014 zaaaaveryverylonglas baaaaveryverylongfir Thursday, 01.05.2014
017 zaaaaaveryverylongla baaaaaveryverylongfi Sunday, 01.06.2014
020 zaaaaaaveryverylongl baaaaaaveryverylongf Tuesday, 01.07.2014
001 yveryverylonglastnam cveryverylongfirstna Thursday, 01.01.2015
004 yaveryverylonglastna caveryverylongfirstn Friday, 02.01.2015
007 yaaveryverylonglastn caaveryverylongfirst Saturday, 03.01.2015
010 yaaaveryverylonglast caaaveryverylongfirs Sunday, 04.01.2015
013 yaaaaveryverylonglas caaaaveryverylongfir Monday, 05.01.2015
016 yaaaaveryverylonglas caaaaveryverylongfir Tuesday, 06.01.2015
019 yaaaaaaveryverylongl caaaaaaveryverylongf Wednesday, 07.01.2015
003 xveryverylonglastnam averyverylongfirstna Friday, 01.01.2016
006 xaveryverylonglastna aaveryverylongfirstn Tuesday, 02.02.2016
009 xaaveryverylonglastn aaaveryverylongfirst Thursday, 03.03.2016
012 xaaaveryverylonglast aaaaveryverylongfirs Monday, 04.04.2016
015 xaaaaveryverylonglas aaaaaveryverylongfir Thursday, 05.05.2016
018 xaaaaaveryverylongla aaaaaaveryverylongfi Monday, 06.06.2016
--------------------------------------------------------------------
20 Person(s) in database, 0 free.

available options:
1) list
2) add
3) remove
4) sort
5) find
6) settings
0) quit
your choice: sort by:
1) Firstname
2) Birth
all other values: lastname

available options:
1) list
2) add
3) remove
4) sort
5) find
6) settings
0) quit
your choice: 
ID  Lastname             Firstname            Birth
--------------------------------------------------------------------
018 xaaaaaveryverylongla aaaaaaveryverylongfi Monday, 06.06.2016
015 xaaaaveryverylonglas aaaaaveryverylongfir Thursday, 05.05.2016
012 xaaaveryverylonglast aaaaveryverylongfirs Monday, 04.04.2016
009 xaaveryverylonglastn aaaveryverylongfirst Thursday, 03.03.2016
006 xaveryverylonglastna aaveryverylongfirstn Tuesday, 02.02.2016
003 xveryverylonglastnam averyverylongfirstna Friday, 01.01.2016
019 yaaaaaaveryverylongl caaaaaaveryverylongf Wednesday, 07.01.2015
013 yaaaaveryverylonglas caaaaveryverylongfir Monday, 05.01.2015
016 yaaaaveryverylonglas caaaaveryverylongfir Tuesday, 06.01.2015
010 yaaaveryverylonglast caaaveryverylongfirs Sunday, 04.01.2015
007 yaaveryverylonglastn caaveryverylongfirst Saturday, 03.01.2015
004 yaveryverylonglastna caveryverylongfirstn Friday, 02.01.2015
001 yveryverylonglastnam cveryverylongfirstna Thursday, 01.01.2015
020 zaaaaaaveryverylongl baaaaaaveryverylongf Tuesday, 01.07.2014
017 zaaaaaveryverylongla baaaaaveryverylongfi Sunday, 01.06.2014
014 zaaaaveryverylonglas baaaaveryverylongfir Thursday, 01.05.2014
011 zaaaveryverylonglast baaaveryverylongfirs Tuesday, 01.04.2014
008 zaaveryverylonglastn baaveryverylongfirst Saturday, 01.03.2014
005 zaveryverylonglastna baveryverylongfirstn Saturday, 01.02.2014
002 zveryverylonglastnam bveryverylongfirstna Wednesday, 01.01.2014
--------------------------------------------------------------------
20 Person(s) in database, 0 free.

available options:
1) list
2) add
3) remove
4) sort
5) find
6) settings
0) quit
your choice: 
current settings:
Person format: with ID
  Date format: numeric date

available options:
0) return
1) toggle Person format
2) toggle Date format
your choice: 
current settings:
Person format: without id
  Date format: numeric date

available options:
0) return
1) toggle Person format
2) toggle Date format
your choice: 
available options:
1) list
2) add
3) remove
4) sort
5) find
6) settings
0) quit
your choice: 
Lastname             Firstname            Birth
----------------------------------------------------------------
xaaaaaveryverylongla aaaaaaveryverylongfi Monday, 06.06.2016
xaaaaveryverylonglas aaaaaveryverylongfir Thursday, 05.05.2016
xaaaveryverylonglast aaaaveryverylongfirs Monday, 04.04.2016
xaaveryverylonglastn aaaveryverylongfirst Thursday, 03.03.2016
xaveryverylonglastna aaveryverylongfirstn Tuesday, 02.02.2016
xveryverylonglastnam averyverylongfirstna Friday, 01.01.2016
yaaaaaaveryverylongl caaaaaaveryverylongf Wednesday, 07.01.2015
yaaaaveryverylonglas caaaaveryverylongfir Monday, 05.01.2015
yaaaaveryverylonglas caaaaveryverylongfir Tuesday, 06.01.2015
yaaaveryverylonglast caaaveryverylongfirs Sunday, 04.01.2015
yaaveryverylonglastn caaveryverylongfirst Saturday, 03.01.2015
yaveryverylonglastna caveryverylongfirstn Friday, 02.01.2015
yveryverylonglastnam cveryverylongfirstna Thursday, 01.01.2015
zaaaaaaveryverylongl baaaaaaveryverylongf Tuesday, 01.07.2014
zaaaaaveryverylongla baaaaaveryverylongfi Sunday, 01.06.2014
zaaaaveryverylonglas baaaaveryverylongfir Thursday, 01.05.2014
zaaaveryverylonglast baaaveryverylongfirs Tuesday, 01.04.2014
zaaveryverylonglastn baaveryverylongfirst Saturday, 01.03.2014
zaveryverylonglastna baveryverylongfirstn Saturday, 01.02.2014
zveryverylonglastnam bveryverylongfirstna Wednesday, 01.01.2014
----------------------------------------------------------------
20 Person(s) in database, 0 free.

available options:
1) list
2) add
3) remove
4) sort
5) find
6) settings
0) quit
your choice: 
current settings:
Person format: without id
  Date format: numeric date

available options:
0) return
1) toggle Person format
2) toggle Date format
your choice: 
current settings:
Person format: without id
  Date format: long date

available options:
0) return
1) toggle Person format
2) toggle Date format
your choice: 
available options:
1) list
2) add
3) remove
4) sort
5) find
6) settings
0) quit
your choice: 
Lastname             Firstname            Birth
----------------------------------------------------------------------
xaaaaaveryverylongla aaaaaaveryverylongfi Monday, June 6th 2016
xaaaaveryverylonglas aaaaaveryverylongfir Thursday, May 5th 2016
xaaaveryverylonglast aaaaveryverylongfirs Monday, April 4th 2016
xaaveryverylonglastn aaaveryverylongfirst Thursday, March 3rd 2016
xaveryverylonglastna aaveryverylongfirstn Tuesday, February 2nd 2016
xveryverylonglastnam averyverylongfirstna Friday, January 1st 2016
yaaaaaaveryverylongl caaaaaaveryverylongf Wednesday, January 7th 2015
yaaaaveryverylonglas caaaaveryverylongfir Monday, January 5th 2015
yaaaaveryverylonglas caaaaveryverylongfir Tuesday, January 6th 2015
yaaaveryverylonglast caaaveryverylongfirs Sunday, January 4th 2015
yaaveryverylonglastn caaveryverylongfirst Saturday, January 3rd 2015
yaveryverylonglastna caveryverylongfirstn Friday, January 2nd 2015
yveryverylonglastnam cveryverylongfirstna Thursday, January 1st 2015
zaaaaaaveryverylongl baaaaaaveryverylongf Tuesday, July 1st 2014
zaaaaaveryverylongla baaaaaveryverylongfi Sunday, June 1st 2014
zaaaaveryverylonglas baaaaveryverylongfir Thursday, May 1st 2014
zaaaveryverylonglast baaaveryverylongfirs Tuesday, April 1st 2014
zaaveryverylonglastn baaveryverylongfirst Saturday, March 1st 2014
zaveryverylonglastna baveryverylongfirstn Saturday, February 1st 2014
zveryverylonglastnam bveryverylongfirstna Wednesday, January 1st 2014
----------------------------------------------------------------------
20 Person(s) in database, 0 free.

available options:
1) list
2) add
3) remove
4) sort
5) find
6) settings
0) quit
your choice: 
current settings:
Person format: without id
  Date format: long date

available options:
0) return
1) toggle Person format
2) toggle Date format
your choice: 
current settings:
Person format: with ID
  Date format: long date

available options:
0) return
1) toggle Person format
2) toggle Date format
your choice: 
available options:
1) list
2) add
3) remove
4) sort
5) find
6) settings
0) quit
your choice: 
ID  Lastname             Firstname            Birth
--------------------------------------------------------------------------
018 xaaaaaveryverylongla aaaaaaveryverylongfi Monday, June 6th 2016
015 xaaaaveryverylonglas aaaaaveryverylongfir Thursday, May 5th 2016
012 xaaaveryverylonglast aaaaveryverylongfirs Monday, April 4th 2016
009 xaaveryverylonglastn aaaveryverylongfirst Thursday, March 3rd 2016
006 xaveryverylonglastna aaveryverylongfirstn Tuesday, February 2nd 2016
003 xveryverylonglastnam averyverylongfirstna Friday, January 1st 2016
019 yaaaaaaveryverylongl caaaaaaveryverylongf Wednesday, January 7th 2015
013 yaaaaveryverylonglas caaaaveryverylongfir Monday, January 5th 2015
016 yaaaaveryverylonglas caaaaveryverylongfir Tuesday, January 6th 2015
010 yaaaveryverylonglast caaaveryverylongfirs Sunday, January 4th 2015
007 yaaveryverylonglastn caaveryverylongfirst Saturday, January 3rd 2015
004 yaveryverylonglastna caveryverylongfirstn Friday, January 2nd 2015
001 yveryverylonglastnam cveryverylongfirstna Thursday, January 1st 2015
020 zaaaaaaveryverylongl baaaaaaveryverylongf Tuesday, July 1st 2014
017 zaaaaaveryverylongla baaaaaveryverylongfi Sunday, June 1st 2014
014 zaaaaveryverylonglas baaaaveryverylongfir Thursday, May 1st 2014
011 zaaaveryverylonglast baaaveryverylongfirs Tuesday, April 1st 2014
008 zaaveryverylonglastn baaveryverylongfirst Saturday, March 1st 2014
005 zaveryverylonglastna baveryverylongfirstn Saturday, February 1st 2014
002 zveryverylonglastnam bveryverylongfirstna Wednesday, January 1st 2014
--------------------------------------------------------------------------
20 Person(s) in database, 0 free.

available options:
1) list
2) add
3) remove
4) sort
5) find
6) settings
0) quit
your choice: 
current settings:
Person format: with ID
  Date format: long date

available options:
0) return
1) toggle Person format
2) toggle Date format
your choice: 
current settings:
Person format: with ID
  Date format: numeric date

available options:
0) return
1) toggle Person format
2) toggle Date format
your choice: 
available options:
1) list
2) add
3) remove
4) sort
5) find
6) settings
0) quit
your choice: 
ID  Lastname             Firstname            Birth
--------------------------------------------------------------------
018 xaaaaaveryverylongla aaaaaaveryverylongfi Monday, 06.06.2016
015 xaaaaveryverylonglas aaaaaveryverylongfir Thursday, 05.05.2016
012 xaaaveryverylonglast aaaaveryverylongfirs Monday, 04.04.2016
009 xaaveryverylonglastn aaaveryverylongfirst Thursday, 03.03.2016
006 xaveryverylonglastna aaveryverylongfirstn Tuesday, 02.02.2016
003 xveryverylonglastnam averyverylongfirstna Friday, 01.01.2016
019 yaaaaaaveryverylongl caaaaaaveryverylongf Wednesday, 07.01.2015
013 yaaaaveryverylonglas caaaaveryverylongfir Monday, 05.01.2015
016 yaaaaveryverylonglas caaaaveryverylongfir Tuesday, 06.01.2015
010 yaaaveryverylonglast caaaveryverylongfirs Sunday, 04.01.2015
007 yaaveryverylonglastn caaveryverylongfirst Saturday, 03.01.2015
004 yaveryverylonglastna caveryverylongfirstn Friday, 02.01.2015
001 yveryverylonglastnam cveryverylongfirstna Thursday, 01.01.2015
020 zaaaaaaveryverylongl baaaaaaveryverylongf Tuesday, 01.07.2014
017 zaaaaaveryverylongla baaaaaveryverylongfi Sunday, 01.06.2014
014 zaaaaveryverylonglas baaaaveryverylongfir Thursday, 01.05.2014
011 zaaaveryverylonglast baaaveryverylongfirs Tuesday, 01.04.2014
008 zaaveryverylonglastn baaveryverylongfirst Saturday, 01.03.2014
005 zaveryverylonglastna baveryverylongfirstn Saturday, 01.02.2014
002 zveryverylonglastnam bveryverylongfirstna Wednesday, 01.01.2014
--------------------------------------------------------------------
20 Person(s) in database, 0 free.

available options:
1) list
2) add
3) remove
4) sort
5) find
6) settings
0) quit
your choice: enter lastname: 
***
019 yaaaaaaveryverylongl caaaaaaveryverylongf Wednesday, 07.01.2015
013 yaaaaveryverylonglas caaaaveryverylongfir Monday, 05.01.2015
016 yaaaaveryverylonglas caaaaveryverylongfir Tuesday, 06.01.2015
010 yaaaveryverylonglast caaaveryverylongfirs Sunday, 04.01.2015
007 yaaveryverylonglastn caaveryverylongfirst Saturday, 03.01.2015
004 yaveryverylonglastna caveryverylongfirstn Friday, 02.01.2015
001 yveryverylonglastnam cveryverylongfirstna Thursday, 01.01.2015
***
7 match(es) found.

available options:
1) list
2) add
3) remove
4) sort
5) find
6) settings
0) quit
your choice: enter lastname: 
***
019 yaaaaaaveryverylongl caaaaaaveryverylongf Wednesday, 07.01.2015
013 yaaaaveryverylonglas caaaaveryverylongfir Monday, 05.01.2015
016 yaaaaveryverylonglas caaaaveryverylongfir Tuesday, 06.01.2015
010 yaaaveryverylonglast caaaveryverylongfirs Sunday, 04.01.2015
007 yaaveryverylonglastn caaveryverylongfirst Saturday, 03.01.2015
004 yaveryverylonglastna caveryverylongfirstn Friday, 02.01.2015
***
6 match(es) found.

available options:
1) list
2) add
3) remove
4) sort
5) find
6) settings
0) quit
your choice: enter lastname: 
***
019 yaaaaaaveryverylongl caaaaaaveryverylongf Wednesday, 07.01.2015
013 yaaaaveryverylonglas caaaaveryverylongfir Monday, 05.01.2015
016 yaaaaveryverylonglas caaaaveryverylongfir Tuesday, 06.01.2015
010 yaaaveryverylonglast caaaveryverylongfirs Sunday, 04.01.2015
007 yaaveryverylonglastn caaveryverylongfirst Saturday, 03.01.2015
***
5 match(es) found.

available options:
1) list
2) add
3) remove
4) sort
5) find
6) settings
0) quit
your choice: enter ID of Person to be removed: 
1 Person removed.

available options:
1) list
2) add
3) remove
4) sort
5) find
6) settings
0) quit
your choice: 
ID  Lastname             Firstname            Birth
--------------------------------------------------------------------
018 xaaaaaveryverylongla aaaaaaveryverylongfi Monday, 06.06.2016
015 xaaaaveryverylonglas aaaaaveryverylongfir Thursday, 05.05.2016
012 xaaaveryverylonglast aaaaveryverylongfirs Monday, 04.04.2016
009 xaaveryverylonglastn aaaveryverylongfirst Thursday, 03.03.2016
006 xaveryverylonglastna aaveryverylongfirstn Tuesday, 02.02.2016
003 xveryverylonglastnam averyverylongfirstna Friday, 01.01.2016
019 yaaaaaaveryverylongl caaaaaaveryverylongf Wednesday, 07.01.2015
013 yaaaaveryverylonglas caaaaveryverylongfir Monday, 05.01.2015
016 yaaaaveryverylonglas caaaaveryverylongfir Tuesday, 06.01.2015
010 yaaaveryverylonglast caaaveryverylongfirs Sunday, 04.01.2015
007 yaaveryverylonglastn caaveryverylongfirst Saturday, 03.01.2015
004 yaveryverylonglastna caveryverylongfirstn Friday, 02.01.2015
020 zaaaaaaveryverylongl baaaaaaveryverylongf Tuesday, 01.07.2014
017 zaaaaaveryverylongla baaaaaveryverylongfi Sunday, 01.06.2014
014 zaaaaveryverylonglas baaaaveryverylongfir Thursday, 01.05.2014
011 zaaaveryverylonglast baaaveryverylongfirs Tuesday, 01.04.2014
008 zaaveryverylonglastn baaveryverylongfirst Saturday, 01.03.2014
005 zaveryverylonglastna baveryverylongfirstn Saturday, 01.02.2014
002 zveryverylonglastnam bveryverylongfirstna Wednesday, 01.01.2014
--------------------------------------------------------------------
19 Person(s) in database, 1 free.

available options:
1) list
2) add
3) remove
4) sort
5) find
6) settings
0) quit
your choice: enter ID of Person to be removed: 
1 Person removed.

available options:
1) list
2) add
3) remove
4) sort
5) find
6) settings
0) quit
your choice: 
ID  Lastname             Firstname            Birth
--------------------------------------------------------------------
018 xaaaaaveryverylongla aaaaaaveryverylongfi Monday, 06.06.2016
015 xaaaaveryverylonglas aaaaaveryverylongfir Thursday, 05.05.2016
012 xaaaveryverylonglast aaaaveryverylongfirs Monday, 04.04.2016
009 xaaveryverylonglastn aaaveryverylongfirst Thursday, 03.03.2016
006 xaveryverylonglastna aaveryverylongfirstn Tuesday, 02.02.2016
003 xveryverylonglastnam averyverylongfirstna Friday, 01.01.2016
019 yaaaaaaveryverylongl caaaaaaveryverylongf Wednesday, 07.01.2015
013 yaaaaveryverylonglas caaaaveryverylongfir Monday, 05.01.2015
016 yaaaaveryverylonglas caaaaveryverylongfir Tuesday, 06.01.2015
010 yaaaveryverylonglast caaaveryverylongfirs Sunday, 04.01.2015
007 yaaveryverylonglastn caaveryverylongfirst Saturday, 03.01.2015
004 yaveryverylonglastna caveryverylongfirstn Friday, 02.01.2015
020 zaaaaaaveryverylongl baaaaaaveryverylongf Tuesday, 01.07.2014
017 zaaaaaveryverylongla baaaaaveryverylongfi Sunday, 01.06.2014
014 zaaaaveryverylonglas baaaaveryverylongfir Thursday, 01.05.2014
011 zaaaveryverylonglast baaaveryverylongfirs Tuesday, 01.04.2014
008 zaaveryverylonglastn baaveryverylongfirst Saturday, 01.03.2014
005 zaveryverylonglastna baveryverylongfirstn Saturday, 01.02.2014
--------------------------------------------------------------------
18 Person(s) in database, 2 free.

available options:
1) list
2) add
3) remove
4) sort
5) find
6) settings
0) quit
your choice: enter ID of Person to be removed: 
1 Person removed.

available options:
1) list
2) add
3) remove
4) sort
5) find
6) settings
0) quit
your choice: 
illegal option.

available options:
1) list
2) add
3) remove
4) sort
5) find
6) settings
0) quit
your choice: sort by:
1) Firstname
2) Birth
all other values: lastname

available options:
1) list
2) add
3) remove
4) sort
5) find
6) settings
0) quit
your choice: enter ID of Person to be removed: 
1 Person removed.

available options:
1) list
2) add
3) remove
4) sort
5) find
6) settings
0) quit
your choice: 
ID  Lastname             Firstname            Birth
--------------------------------------------------------------------
018 xaaaaaveryverylongla aaaaaaveryverylongfi Monday, 06.06.2016
015 xaaaaveryverylonglas aaaaaveryverylongfir Thursday, 05.05.2016
012 xaaaveryverylonglast aaaaveryverylongfirs Monday, 04.04.2016
009 xaaveryverylonglastn aaaveryverylongfirst Thursday, 03.03.2016
006 xaveryverylonglastna aaveryverylongfirstn Tuesday, 02.02.2016
017 zaaaaaveryverylongla baaaaaveryverylongfi Sunday, 01.06.2014
014 zaaaaveryverylonglas baaaaveryverylongfir Thursday, 01.05.2014
011 zaaaveryverylonglast baaaveryverylongfirs Tuesday, 01.04.2014
008 zaaveryverylonglastn baaveryverylongfirst Saturday, 01.03.2014
005 zaveryverylonglastna baveryverylongfirstn Saturday, 01.02.2014
019 yaaaaaaveryverylongl caaaaaaveryverylongf Wednesday, 07.01.2015
013 yaaaaveryverylonglas caaaaveryverylongfir Monday, 05.01.2015
016 yaaaaveryverylonglas caaaaveryverylongfir Tuesday, 06.01.2015
010 yaaaveryverylonglast caaaveryverylongfirs Sunday, 04.01.2015
007 yaaveryverylonglastn caaveryverylongfirst Saturday, 03.01.2015
004 yaveryverylonglastna caveryverylongfirstn Friday, 02.01.2015
--------------------------------------------------------------------
16 Person(s) in database, 4 free.

available options:
1) list
2) add
3) remove
4) sort
5) find
6) settings
0) quit
your choice: enter ID of Person to be removed: 
1 Person removed.

available options:
1) list
2) add
3) remove
4) sort
5) find
6) settings
0) quit
your choice: 
ID  Lastname             Firstname            Birth
--------------------------------------------------------------------
018 xaaaaaveryverylongla aaaaaaveryverylongfi Monday, 06.06.2016
012 xaaaveryverylonglast aaaaveryverylongfirs Monday, 04.04.2016
009 xaaveryverylonglastn aaaveryverylongfirst Thursday, 03.03.2016
006 xaveryverylonglastna aaveryverylongfirstn Tuesday, 02.02.2016
017 zaaaaaveryverylongla baaaaaveryverylongfi Sunday, 01.06.2014
014 zaaaaveryverylonglas baaaaveryverylongfir Thursday, 01.05.2014
011 zaaaveryverylonglast baaaveryverylongfirs Tuesday, 01.04.2014
008 zaaveryverylonglastn baaveryverylongfirst Saturday, 01.03.2014
005 zaveryverylonglastna baveryverylongfirstn Saturday, 01.02.2014
019 yaaaaaaveryverylongl caaaaaaveryverylongf Wednesday, 07.01.2015
013 yaaaaveryverylonglas caaaaveryverylongfir Monday, 05.01.2015
016 yaaaaveryverylonglas caaaaveryverylongfir Tuesday, 06.01.2015
010 yaaaveryverylonglast caaaveryverylongfirs Sunday, 04.01.2015
007 yaaveryverylonglastn caaveryverylongfirst Saturday, 03.01.2015
004 yaveryverylonglastna caveryverylongfirstn Friday, 02.01.2015
--------------------------------------------------------------------
15 Person(s) in database, 5 free.

available options:
1) list
2) add
3) remove
4) sort
5) find
6) settings
0) quit
your choice: enter ID of Person to be removed: 
1 Person removed.

available options:
1) list
2) add
3) remove
4) sort
5) find
6) settings
0) quit
your choice: 
ID  Lastname             Firstname            Birth
--------------------------------------------------------------------
018 xaaaaaveryverylongla aaaaaaveryverylongfi Monday, 06.06.2016
012 xaaaveryverylonglast aaaaveryverylongfirs Monday, 04.04.2016
009 xaaveryverylonglastn aaaveryverylongfirst Thursday, 03.03.2016
006 xaveryverylonglastna aaveryverylongfirstn Tuesday, 02.02.2016
017 zaaaaaveryverylongla baaaaaveryverylongfi Sunday, 01.06.2014
014 zaaaaveryverylonglas baaaaveryverylongfir Thursday, 01.05.2014
011 zaaaveryverylonglast baaaveryverylongfirs Tuesday, 01.04.2014
008 zaaveryverylonglastn baaveryverylongfirst Saturday, 01.03.2014
005 zaveryverylonglastna baveryverylongfirstn Saturday, 01.02.2014
019 yaaaaaaveryverylongl caaaaaaveryverylongf Wednesday, 07.01.2015
013 yaaaaveryverylonglas caaaaveryverylongfir Monday, 05.01.2015
010 yaaaveryverylonglast caaaveryverylongfirs Sunday, 04.01.2015
007 yaaveryverylonglastn caaveryverylongfirst Saturday, 03.01.2015
004 yaveryverylonglastna caveryverylongfirstn Friday, 02.01.2015
--------------------------------------------------------------------
14 Person(s) in database, 6 free.

available options:
1) list
2) add
3) remove
4) sort
5) find
6) settings
0) quit
your choice: enter ID of Person to be removed: 
1 Person removed.

available options:
1) list
2) add
3) remove
4) sort
5) find
6) settings
0) quit
your choice: 
ID  Lastname             Firstname            Birth
--------------------------------------------------------------------
018 xaaaaaveryverylongla aaaaaaveryverylongfi Monday, 06.06.2016
012 xaaaveryverylonglast aaaaveryverylongfirs Monday, 04.04.2016
009 xaaveryverylonglastn aaaveryverylongfirst Thursday, 03.03.2016
006 xaveryverylonglastna aaveryverylongfirstn Tuesday, 02.02.2016
017 zaaaaaveryverylongla baaaaaveryverylongfi Sunday, 01.06.2014
014 zaaaaveryverylonglas baaaaveryverylongfir Thursday, 01.05.2014
011 zaaaveryverylonglast baaaveryverylongfirs Tuesday, 01.04.2014
008 zaaveryverylonglastn baaveryverylongfirst Saturday, 01.03.2014
005 zaveryverylonglastna baveryverylongfirstn Saturday, 01.02.2014
019 yaaaaaaveryverylongl caaaaaaveryverylongf Wednesday, 07.01.2015
013 yaaaaveryverylonglas caaaaveryverylongfir Monday, 05.01.2015
007 yaaveryverylonglastn caaveryverylongfirst Saturday, 03.01.2015
004 yaveryverylonglastna caveryverylongfirstn Friday, 02.01.2015
--------------------------------------------------------------------
13 Person(s) in database, 7 free.

available options:
1) list
2) add
3) remove
4) sort
5) find
6) settings
0) quit
your choice: enter ID of Person to be removed: 
1 Person removed.

available options:
1) list
2) add
3) remove
4) sort
5) find
6) settings
0) quit
your choice: 
ID  Lastname             Firstname            Birth
--------------------------------------------------------------------
018 xaaaaaveryverylongla aaaaaaveryverylongfi Monday, 06.06.2016
012 xaaaveryverylonglast aaaaveryverylongfirs Monday, 04.04.2016
009 xaaveryverylonglastn aaaveryverylongfirst Thursday, 03.03.2016
006 xaveryverylonglastna aaveryverylongfirstn Tuesday, 02.02.2016
014 zaaaaveryverylonglas baaaaveryverylongfir Thursday, 01.05.2014
011 zaaaveryverylonglast baaaveryverylongfirs Tuesday, 01.04.2014
008 zaaveryverylonglastn baaveryverylongfirst Saturday, 01.03.2014
005 zaveryverylonglastna baveryverylongfirstn Saturday, 01.02.2014
019 yaaaaaaveryverylongl caaaaaaveryverylongf Wednesday, 07.01.2015
013 yaaaaveryverylonglas caaaaveryverylongfir Monday, 05.01.2015
007 yaaveryverylonglastn caaveryverylongfirst Saturday, 03.01.2015
004 yaveryverylonglastna caveryverylongfirstn Friday, 02.01.2015
--------------------------------------------------------------------
12 Person(s) in database, 8 free.

available options:
1) list
2) add
3) remove
4) sort
5) find
6) settings
0) quit
your choice: enter ID of Person to be removed: 
1 Person removed.

available options:
1) list
2) add
3) remove
4) sort
5) find
6) settings
0) quit
your choice: 
ID  Lastname             Firstname            Birth
--------------------------------------------------------------------
018 xaaaaaveryverylongla aaaaaaveryverylongfi Monday, 06.06.2016
012 xaaaveryverylonglast aaaaveryverylongfirs Monday, 04.04.2016
009 xaaveryverylonglastn aaaveryverylongfirst Thursday, 03.03.2016
006 xaveryverylonglastna aaveryverylongfirstn Tuesday, 02.02.2016
014 zaaaaveryverylonglas baaaaveryverylongfir Thursday, 01.05.2014
011 zaaaveryverylonglast baaaveryverylongfirs Tuesday, 01.04.2014
008 zaaveryverylonglastn baaveryverylongfirst Saturday, 01.03.2014
019 yaaaaaaveryverylongl caaaaaaveryverylongf Wednesday, 07.01.2015
013 yaaaaveryverylonglas caaaaveryverylongfir Monday, 05.01.2015
007 yaaveryverylonglastn caaveryverylongfirst Saturday, 03.01.2015
004 yaveryverylonglastna caveryverylongfirstn Friday, 02.01.2015
--------------------------------------------------------------------
11 Person(s) in database, 9 free.

available options:
1) list
2) add
3) remove
4) sort
5) find
6) settings
0) quit
your choice: enter lastname: 
***
014 zaaaaveryverylonglas baaaaveryverylongfir Thursday, 01.05.2014
011 zaaaveryverylonglast baaaveryverylongfirs Tuesday, 01.04.2014
008 zaaveryverylonglastn baaveryverylongfirst Saturday, 01.03.2014
***
3 match(es) found.

available options:
1) list
2) add
3) remove
4) sort
5) find
6) settings
0) quit
your choice: sort by:
1) Firstname
2) Birth
all other values: lastname

available options:
1) list
2) add
3) remove
4) sort
5) find
6) settings
0) quit
your choice: 
ID  Lastname             Firstname            Birth
--------------------------------------------------------------------
018 xaaaaaveryverylongla aaaaaaveryverylongfi Monday, 06.06.2016
012 xaaaveryverylonglast aaaaveryverylongfirs Monday, 04.04.2016
009 xaaveryverylonglastn aaaveryverylongfirst Thursday, 03.03.2016
006 xaveryverylonglastna aaveryverylongfirstn Tuesday, 02.02.2016
019 yaaaaaaveryverylongl caaaaaaveryverylongf Wednesday, 07.01.2015
013 yaaaaveryverylonglas caaaaveryverylongfir Monday, 05.01.2015
007 yaaveryverylonglastn caaveryverylongfirst Saturday, 03.01.2015
004 yaveryverylonglastna caveryverylongfirstn Friday, 02.01.2015
014 zaaaaveryverylonglas baaaaveryverylongfir Thursday, 01.05.2014
011 zaaaveryverylonglast baaaveryverylongfirs Tuesday, 01.04.2014
008 zaaveryverylonglastn baaveryverylongfirst Saturday, 01.03.2014
--------------------------------------------------------------------
11 Person(s) in database, 9 free.

available options:
1) list
2) add
3) remove
4) sort
5) find
6) settings
0) quit
your choice: enter ID of Person to be removed: 
1 Person removed.

available options:
1) list
2) add
3) remove
4) sort
5) find
6) settings
0) quit
your choice: enter ID of Person to be removed: 
1 Person removed.

available options:
1) list
2) add
3) remove
4) sort
5) find
6) settings
0) quit
your choice: enter ID of Person to be removed: 
1 Person removed.

available options:
1) list
2) add
3) remove
4) sort
5) find
6) settings
0) quit
your choice: enter ID of Person to be removed: 
1 Person removed.

available options:
1) list
2) add
3) remove
4) sort
5) find
6) settings
0) quit
your choice: enter ID of Person to be removed: 
1 Person removed.

available options:
1) list
2) add
3) remove
4) sort
5) find
6) settings
0) quit
your choice: 
ID  Lastname             Firstname            Birth
--------------------------------------------------------------------
009 xaaveryverylonglastn aaaveryverylongfirst Thursday, 03.03.2016
006 xaveryverylonglastna aaveryverylongfirstn Tuesday, 02.02.2016
019 yaaaaaaveryverylongl caaaaaaveryverylongf Wednesday, 07.01.2015
013 yaaaaveryverylonglas caaaaveryverylongfir Monday, 05.01.2015
014 zaaaaveryverylonglas baaaaveryverylongfir Thursday, 01.05.2014
011 zaaaveryverylonglast baaaveryverylongfirs Tuesday, 01.04.2014
--------------------------------------------------------------------
6 Person(s) in database, 14 free.

available options:
1) list
2) add
3) remove
4) sort
5) find
6) settings
0) quit
your choice: Firstname: Lastname: enter year (1582-2199): enter month (1-12): enter day (1-31): 
available options:
1) list
2) add
3) remove
4) sort
5) find
6) settings
0) quit
your choice: 
ID  Lastname             Firstname            Birth
--------------------------------------------------------------------
009 xaaveryverylonglastn aaaveryverylongfirst Thursday, 03.03.2016
006 xaveryverylonglastna aaveryverylongfirstn Tuesday, 02.02.2016
019 yaaaaaaveryverylongl caaaaaaveryverylongf Wednesday, 07.01.2015
013 yaaaaveryverylonglas caaaaveryverylongfir Monday, 05.01.2015
014 zaaaaveryverylonglas baaaaveryverylongfir Thursday, 01.05.2014
011 zaaaveryverylonglast baaaveryverylongfirs Tuesday, 01.04.2014
021 Zveryverylonglastnam Bveryverylongfirstna Friday, 01.01.2010
--------------------------------------------------------------------
7 Person(s) in database, 13 free.

available options:
1) list
2) add
3) remove
4) sort
5) find
6) settings
0) quit
your choice: enter ID of Person to be removed: 
1 Person removed.

available options:
1) list
2) add
3) remove
4) sort
5) find
6) settings
0) quit
your choice: enter ID of Person to be removed: 
1 Person removed.

available options:
1) list
2) add
3) remove
4) sort
5) find
6) settings
0) quit
your choice: enter ID of Person to be removed: 
1 Person removed.

available options:
1) list
2) add
3) remove
4) sort
5) find
6) settings
0) quit
your choice: enter ID of Person to be removed: 
1 Person removed.

available options:
1) list
2) add
3) remove
4) sort
5) find
6) settings
0) quit
your choice: enter ID of Person to be removed: 
1 Person removed.

available options:
1) list
2) add
3) remove
4) sort
5) find
6) settings
0) quit
your choice: enter ID of Person to be removed: 
Person not found (ID 13).

available options:
1) list
2) add
3) remove
4) sort
5) find
6) settings
0) quit
your choice: 
ID  Lastname             Firstname            Birth
--------------------------------------------------------------------
019 yaaaaaaveryverylongl caaaaaaveryverylongf Wednesday, 07.01.2015
021 Zveryverylonglastnam Bveryverylongfirstna Friday, 01.01.2010
--------------------------------------------------------------------
2 Person(s) in database, 18 free.

available options:
1) list
2) add
3) remove
4) sort
5) find
6) settings
0) quit
your choice: enter ID of Person to be removed: 
1 Person removed.

available options:
1) list
2) add
3) remove
4) sort
5) find
6) settings
0) quit
your choice: enter ID of Person to be removed: 
1 Person removed.

available options:
1) list
2) add
3) remove
4) sort
5) find
6) settings
0) quit
your choice: 
database empty.

available options:
1) list
2) add
3) remove
4) sort
5) find
6) settings
0) quit
your choice: 
Thank you for using the SimplePersonDatabase.

