ymd_2_w: -1 01.13.2000
ymd_2_w: -1 01.00.2000
ymd_2_w: -1 32.12.1999
ymd_2_w: -1 31.11.2004
ymd_2_w: -1 31.04.2000
ymd_2_w: -1 30.02.2003
ymd_2_w: -1 29.02.2003
ymd_2_w: -1 29.02.1900
ymd_2_w: -1 31.12.1581
ymd_2_w: -1 15.10.1581
ymd_2_w: 6 16.10.1582
ymd_2_w: 2 31.12.2199
ymd_2_w: -1 01.01.2200
ymd_2_w: 1 15.11.2004
ymd_2_w: 2 29.02.2000
ymd_2_w: 4 16.02.2096
ymd_2_w: 5 01.02.1980
ymd_2_w: 2 08.03.1988
ymd_2_w: 5 30.01.1970
ymd_2_w: 5 25.10.1929
ymd_2_w: -1 29.02.20040
ymd_2_w: 5 28.02.2003
ymd_2_w: 1 03.03.1919
