compare: enter title: enter year (1582-2199): enter month (1-12): enter day (1-31): enter number of attendees: enter title: enter year (1582-2199): enter month (1-12): enter day (1-31): enter number of attendees: 1
compare: enter title: enter year (1582-2199): enter month (1-12): enter day (1-31): enter number of attendees: enter title: enter year (1582-2199): enter month (1-12): enter day (1-31): enter number of attendees: -1
compare: enter title: enter year (1582-2199): enter month (1-12): enter day (1-31): enter number of attendees: enter title: enter year (1582-2199): enter month (1-12): enter day (1-31): enter number of attendees: 0
compare: enter title: enter year (1582-2199): enter month (1-12): enter day (1-31): enter number of attendees: enter title: enter year (1582-2199): enter month (1-12): enter day (1-31): enter number of attendees: -1
compare: enter title: enter year (1582-2199): enter month (1-12): enter day (1-31): enter number of attendees: enter title: enter year (1582-2199): enter month (1-12): enter day (1-31): enter number of attendees: 1
compare: enter title: enter year (1582-2199): enter month (1-12): enter day (1-31): enter number of attendees: enter title: enter year (1582-2199): enter month (1-12): enter day (1-31): enter number of attendees: 0
compare: enter title: enter year (1582-2199): enter month (1-12): enter day (1-31): enter number of attendees: enter title: enter year (1582-2199): enter month (1-12): enter day (1-31): enter number of attendees: 1
compare: enter title: enter year (1582-2199): enter month (1-12): enter day (1-31): enter number of attendees: enter title: enter year (1582-2199): enter month (1-12): enter day (1-31): enter number of attendees: 1
compare: enter title: enter year (1582-2199): enter month (1-12): enter day (1-31): enter number of attendees: enter title: enter year (1582-2199): enter month (1-12): enter day (1-31): enter number of attendees: 0
