display: invalid event

enter title: enter year (1582-2199): enter month (1-12): enter day (1-31): enter number of attendees: Saturday, January 1st 2000, title, 1

invalid event

display: invalid event

enter title: enter year (1582-2199): enter month (1-12): enter day (1-31): enter number of attendees: title, 5

invalid event

