Welcome to the SimpleCalculator
v0=     0.00000
v1=     0.00000
please enter opcode (9 for usage): enter number:v0=     0.00000
v1=  -230.00000
please enter opcode (9 for usage): enter number:v0=  -230.00000
v1=   -34.00000
please enter opcode (9 for usage): v0=   -34.00000
v1=  -196.00000
please enter opcode (9 for usage): Thank you for using the SimpleCalculator
