Welcome to the SimpleCalculator
v0=     0.00000
v1=     0.00000
please enter opcode (9 for usage): Thank you for using the SimpleCalculator
