October 1582
Mon Tue Wed Thu Fri Sat Sun 
 16 




