statistics for
Saturday, October 16th 1582
1582 is not a leap year
October 1582 has 16 days
it is day 1 of year 1582
it is in week 1 of year 1582
