statistics for
Friday, January 1st 2100
2100 is not a leap year
January 2100 has 31 days
it is day 1 of year 2100
it is in week 1 of year 2100