October 1582
Mon Tue Wed Thu Fri Sat Sun 
                    <16> 17 
 18  19  20  21  22  23  24 
 25  26  27  28  29  30  31 
