statistics for
Friday, December 31st 1582
1582 is not a leap year
December 1582 has 31 days
it is day 77 of year 1582
it is in week 12 of year 1582
