statistics for
Tuesday, January 1st 2199
2199 is not a leap year
January 2199 has 31 days
it is day 1 of year 2199
it is in week 1 of year 2199
