isLeap: false 01.01.1581
isLeap: false 01.01.1582
isLeap: false 01.11.1582
isLeap: false 01.01.1913
isLeap: false 01.01.1900
isLeap: true 01.01.1916
isLeap: true 01.01.2000
isLeap: true 01.01.2004
isLeap: false 01.01.2199
isLeap: false 01.01.2200
