daysInMonth: -1 01.01.1581
daysInMonth: -1 01.01.1582
daysInMonth: 16 01.10.1582
daysInMonth: 30 01.11.1582
daysInMonth: 31 01.01.1913
daysInMonth: 31 01.01.1900
daysInMonth: 28 01.02.1900
daysInMonth: 29 01.02.2000
daysInMonth: 29 01.02.2004
daysInMonth: 28 01.02.2199
daysInMonth: -1 01.02.2200
daysInMonth: 30 01.04.2000
daysInMonth: -1 01.13.2000
daysInMonth: -1 32.12.2000
