makeDate:  null
makeDate:  null
makeDate:  null
makeDate:  null
makeDate:  16.10.1582
makeDate:  28.02.1900
makeDate:  null
makeDate:  29.02.2000
makeDate:  29.02.2004
makeDate:  null
makeDate:  null
makeDate:  null
makeDate:  null
makeDate:  null
