compare: 1 -1 1 0 01.13.2000  32.12.2000
compare: 1 -1 1 0 01.13.2000  01.01.2000
compare: -1 -1 1 0 01.01.2000  01.13.2000
compare: -1 -1 1 0 01.01.2000  01.02.2000
compare: 1 -1 1 0 01.02.2000  01.01.1900
compare: 0 -1 1 0 01.01.2000  01.01.2000
